[    1150ms] [LOG] [gtag-consent-default] Script initialized @ https://www.deel.com/careers/?query=mobile:16
[    1150ms] [LOG] [gtag-consent-default] Default consent set (GDPR-safe: deny all) @ https://www.deel.com/careers/?query=mobile:31
[    1150ms] [LOG] [gtag-consent-default] Waiting for Cookiebot consent_update to override with region-specific values @ https://www.deel.com/careers/?query=mobile:32
[    1151ms] [LOG] [GTM_SCRIPT_PROD_COOKIE_BOT_ENV] Production environment script loaded - GTM-52FHM6KK @ https://www.deel.com/careers/?query=mobile:36
[    1151ms] [LOG] [Cookiebot] Setting up consent listeners @ https://www.deel.com/careers/?query=mobile:137
[    1500ms] [LOG] Deel AI Chat is disabled for path @ :13
[    1535ms] [LOG] started loading cookiebot-internal @ https://www.deel.com/careers/?query=mobile:164
[    3612ms] [ERROR] Failed to load resource: net::ERR_FAILED @ chrome-extension://invalid/:0
[   11921ms] [WARNING] The resource https://website-media.deel.com/_next/static/chunks/580.5189a0dafc04c764.js was preloaded using link preload but not used within a few seconds from the window's load event. Please make sure it has an appropriate `as` value and it is preloaded intentionally. @ https://www.deel.com/careers/?query=mobile:0
[   11921ms] [WARNING] The resource https://website-media.deel.com/_next/static/chunks/2624.8cc18296063405ab.js was preloaded using link preload but not used within a few seconds from the window's load event. Please make sure it has an appropriate `as` value and it is preloaded intentionally. @ https://www.deel.com/careers/?query=mobile:0
[   16934ms] [WARNING] The resource https://website-media.deel.com/_next/static/chunks/580.5189a0dafc04c764.js was preloaded using link preload but not used within a few seconds from the window's load event. Please make sure it has an appropriate `as` value and it is preloaded intentionally. @ https://www.deel.com/careers/?query=mobile:0
[   16934ms] [WARNING] The resource https://website-media.deel.com/_next/static/chunks/2624.8cc18296063405ab.js was preloaded using link preload but not used within a few seconds from the window's load event. Please make sure it has an appropriate `as` value and it is preloaded intentionally. @ https://www.deel.com/careers/?query=mobile:0
[   24815ms] [WARNING] The resource https://website-media.deel.com/_next/static/chunks/580.5189a0dafc04c764.js was preloaded using link preload but not used within a few seconds from the window's load event. Please make sure it has an appropriate `as` value and it is preloaded intentionally. @ https://www.deel.com/careers/?query=mobile:0
[   24815ms] [WARNING] The resource https://website-media.deel.com/_next/static/chunks/2624.8cc18296063405ab.js was preloaded using link preload but not used within a few seconds from the window's load event. Please make sure it has an appropriate `as` value and it is preloaded intentionally. @ https://www.deel.com/careers/?query=mobile:0
[   39821ms] [WARNING] The resource https://website-media.deel.com/_next/static/chunks/580.5189a0dafc04c764.js was preloaded using link preload but not used within a few seconds from the window's load event. Please make sure it has an appropriate `as` value and it is preloaded intentionally. @ https://www.deel.com/careers/?query=mobile:0
[   39821ms] [WARNING] The resource https://website-media.deel.com/_next/static/chunks/2624.8cc18296063405ab.js was preloaded using link preload but not used within a few seconds from the window's load event. Please make sure it has an appropriate `as` value and it is preloaded intentionally. @ https://www.deel.com/careers/?query=mobile:0
[   66945ms] [WARNING] The resource https://website-media.deel.com/_next/static/chunks/580.5189a0dafc04c764.js was preloaded using link preload but not used within a few seconds from the window's load event. Please make sure it has an appropriate `as` value and it is preloaded intentionally. @ https://www.deel.com/careers/?query=mobile:0
[   66945ms] [WARNING] The resource https://website-media.deel.com/_next/static/chunks/2624.8cc18296063405ab.js was preloaded using link preload but not used within a few seconds from the window's load event. Please make sure it has an appropriate `as` value and it is preloaded intentionally. @ https://www.deel.com/careers/?query=mobile:0
[  532575ms] [WARNING] The resource https://website-media.deel.com/_next/static/chunks/580.5189a0dafc04c764.js was preloaded using link preload but not used within a few seconds from the window's load event. Please make sure it has an appropriate `as` value and it is preloaded intentionally. @ https://www.deel.com/careers/?query=mobile:0
[  532595ms] [WARNING] The resource https://website-media.deel.com/_next/static/chunks/2624.8cc18296063405ab.js was preloaded using link preload but not used within a few seconds from the window's load event. Please make sure it has an appropriate `as` value and it is preloaded intentionally. @ https://www.deel.com/careers/?query=mobile:0
