[    1527ms] [ERROR] Error: Minified React error #418; visit https://reactjs.org/docs/error-decoder.html?invariant=418 for the full message or use the non-minified dev environment for full errors and additional helpful warnings.
    at Tf (https://job-boards.cdn.greenhouse.io/assets/vendor-BjjrhH02.js:38:4812)
    at Gm (https://job-boards.cdn.greenhouse.io/assets/vendor-BjjrhH02.js:40:45634)
    at Hm (https://job-boards.cdn.greenhouse.io/assets/vendor-BjjrhH02.js:40:39790)
    at P8 (https://job-boards.cdn.greenhouse.io/assets/vendor-BjjrhH02.js:40:39762)
    at Um (https://job-boards.cdn.greenhouse.io/assets/vendor-BjjrhH02.js:40:34745)
    at S (https://job-boards.cdn.greenhouse.io/assets/vendor-BjjrhH02.js:25:1563)
    at MessagePort.j (https://job-boards.cdn.greenhouse.io/assets/vendor-BjjrhH02.js:25:1925) @ https://job-boards.cdn.greenhouse.io/assets/vendor-BjjrhH02.js:243
[    1557ms] [WARNING] React recovered from an error during hydration. Error: Minified React error #425; visit https://reactjs.org/docs/error-decoder.html?invariant=425 for the full message or use the non-minified dev environment for full errors and additional helpful warnings.
    at ml (https://job-boards.cdn.greenhouse.io/assets/vendor-BjjrhH02.js:38:68)
    at S8 (https://job-boards.cdn.greenhouse.io/assets/vendor-BjjrhH02.js:40:16079)
    at zm (https://job-boards.cdn.greenhouse.io/assets/vendor-BjjrhH02.js:40:40098)
    at Hm (https://job-boards.cdn.greenhouse.io/assets/vendor-BjjrhH02.js:40:39851)
    at P8 (https://job-boards.cdn.greenhouse.io/assets/vendor-BjjrhH02.js:40:39762)
    at Um (https://job-boards.cdn.greenhouse.io/assets/vendor-BjjrhH02.js:40:34745)
    at S (https://job-boards.cdn.greenhouse.io/assets/vendor-BjjrhH02.js:25:1563)
    at MessagePort.j (https://job-boards.cdn.greenhouse.io/assets/vendor-BjjrhH02.js:25:1925) @ https://job-boards.cdn.greenhouse.io/assets/vendor-BjjrhH02.js:243
[    1557ms] [WARNING] React recovered from an error during hydration. Error: Minified React error #418; visit https://reactjs.org/docs/error-decoder.html?invariant=418 for the full message or use the non-minified dev environment for full errors and additional helpful warnings.
    at Tf (https://job-boards.cdn.greenhouse.io/assets/vendor-BjjrhH02.js:38:4812)
    at Gm (https://job-boards.cdn.greenhouse.io/assets/vendor-BjjrhH02.js:40:45634)
    at Hm (https://job-boards.cdn.greenhouse.io/assets/vendor-BjjrhH02.js:40:39790)
    at P8 (https://job-boards.cdn.greenhouse.io/assets/vendor-BjjrhH02.js:40:39762)
    at Um (https://job-boards.cdn.greenhouse.io/assets/vendor-BjjrhH02.js:40:34745)
    at S (https://job-boards.cdn.greenhouse.io/assets/vendor-BjjrhH02.js:25:1563)
    at MessagePort.j (https://job-boards.cdn.greenhouse.io/assets/vendor-BjjrhH02.js:25:1925) @ https://job-boards.cdn.greenhouse.io/assets/vendor-BjjrhH02.js:243
[    1557ms] [WARNING] React recovered from an error during hydration. Error: Minified React error #418; visit https://reactjs.org/docs/error-decoder.html?invariant=418 for the full message or use the non-minified dev environment for full errors and additional helpful warnings.
    at Tf (https://job-boards.cdn.greenhouse.io/assets/vendor-BjjrhH02.js:38:4812)
    at Gm (https://job-boards.cdn.greenhouse.io/assets/vendor-BjjrhH02.js:40:45634)
    at Hm (https://job-boards.cdn.greenhouse.io/assets/vendor-BjjrhH02.js:40:39790)
    at P8 (https://job-boards.cdn.greenhouse.io/assets/vendor-BjjrhH02.js:40:39762)
    at Um (https://job-boards.cdn.greenhouse.io/assets/vendor-BjjrhH02.js:40:34745)
    at S (https://job-boards.cdn.greenhouse.io/assets/vendor-BjjrhH02.js:25:1563)
    at MessagePort.j (https://job-boards.cdn.greenhouse.io/assets/vendor-BjjrhH02.js:25:1925) @ https://job-boards.cdn.greenhouse.io/assets/vendor-BjjrhH02.js:243
[    1557ms] [WARNING] React recovered from an error during hydration. Error: Minified React error #418; visit https://reactjs.org/docs/error-decoder.html?invariant=418 for the full message or use the non-minified dev environment for full errors and additional helpful warnings.
    at Tf (https://job-boards.cdn.greenhouse.io/assets/vendor-BjjrhH02.js:38:4812)
    at Gm (https://job-boards.cdn.greenhouse.io/assets/vendor-BjjrhH02.js:40:45634)
    at Hm (https://job-boards.cdn.greenhouse.io/assets/vendor-BjjrhH02.js:40:39790)
    at P8 (https://job-boards.cdn.greenhouse.io/assets/vendor-BjjrhH02.js:40:39762)
    at Um (https://job-boards.cdn.greenhouse.io/assets/vendor-BjjrhH02.js:40:34745)
    at S (https://job-boards.cdn.greenhouse.io/assets/vendor-BjjrhH02.js:25:1563)
    at MessagePort.j (https://job-boards.cdn.greenhouse.io/assets/vendor-BjjrhH02.js:25:1925) @ https://job-boards.cdn.greenhouse.io/assets/vendor-BjjrhH02.js:243
[    1558ms] [WARNING] React recovered from an error during hydration. Error: Minified React error #423; visit https://reactjs.org/docs/error-decoder.html?invariant=423 for the full message or use the non-minified dev environment for full errors and additional helpful warnings.
    at Gm (https://job-boards.cdn.greenhouse.io/assets/vendor-BjjrhH02.js:40:45291)
    at Hm (https://job-boards.cdn.greenhouse.io/assets/vendor-BjjrhH02.js:40:39790)
    at T8 (https://job-boards.cdn.greenhouse.io/assets/vendor-BjjrhH02.js:40:39718)
    at ku (https://job-boards.cdn.greenhouse.io/assets/vendor-BjjrhH02.js:40:39570)
    at zf (https://job-boards.cdn.greenhouse.io/assets/vendor-BjjrhH02.js:40:35934)
    at Um (https://job-boards.cdn.greenhouse.io/assets/vendor-BjjrhH02.js:40:34883)
    at S (https://job-boards.cdn.greenhouse.io/assets/vendor-BjjrhH02.js:25:1563)
    at MessagePort.j (https://job-boards.cdn.greenhouse.io/assets/vendor-BjjrhH02.js:25:1925) @ https://job-boards.cdn.greenhouse.io/assets/vendor-BjjrhH02.js:243
[    1559ms] [WARNING] A preload for 'https://s4-recruiting.cdn.greenhouse.io/job_board_renderer/custom_fonts/fonts/400/002/900/original/PolySans-Neutral.woff2?1749669538' is found, but is not used because the request credentials mode does not match. Consider taking a look at crossorigin attribute. @ https://job-boards.greenhouse.io/sourcegraph91/jobs/6185008004:0
[    1559ms] [WARNING] A preload for 'https://s4-recruiting.cdn.greenhouse.io/job_board_renderer/custom_fonts/fonts/400/003/200/original/PolySans-Slim.woff?1749671911' is found, but is not used because the request credentials mode does not match. Consider taking a look at crossorigin attribute. @ https://job-boards.greenhouse.io/sourcegraph91/jobs/6185008004:0
[    2053ms] [ERROR] Failed to load resource: the server responded with a status of 401 () @ https://my.greenhouse.io/users/self?job_post_id=6185008004:0
[    8039ms] [WARNING] The resource https://s4-recruiting.cdn.greenhouse.io/job_board_renderer/custom_fonts/fonts/400/002/900/original/PolySans-Neutral.woff2?1749669538 was preloaded using link preload but not used within a few seconds from the window's load event. Please make sure it has an appropriate `as` value and it is preloaded intentionally. @ https://job-boards.greenhouse.io/sourcegraph91/jobs/6185008004:0
[    8039ms] [WARNING] The resource https://s4-recruiting.cdn.greenhouse.io/job_board_renderer/custom_fonts/fonts/400/003/200/original/PolySans-Slim.woff?1749671911 was preloaded using link preload but not used within a few seconds from the window's load event. Please make sure it has an appropriate `as` value and it is preloaded intentionally. @ https://job-boards.greenhouse.io/sourcegraph91/jobs/6185008004:0
