[   78189ms] [ERROR] Failed to load resource: net::ERR_CONNECTION_TIMED_OUT @ https://connect.facebook.net/en_US/fbevents.js:0
[  103935ms] [ERROR] Failed to load resource: net::ERR_NETWORK_IO_SUSPENDED @ https://cdn.growthbook.io/sub/sdk-5WBrH3h3UHczonnF:0
[ 5000361ms] [ERROR] Failed to load resource: net::ERR_NETWORK_IO_SUSPENDED @ https://browser-intake-datadoghq.eu/api/v2/rum?ddsource=browser&ddtags=sdk_version%3A5.28.1%2Capi%3Afetch%2Cenv%3Aproduction%2Cservice%3Acareer-website&dd-api-key=pub724dc864c1584156738a8c6b1943d9c8&dd-evp-origin-version=5.28.1&dd-evp-origin=browser&dd-request-id=2a9b7b42-779d-4764-8eba-e8dacaf395f0&batch_time=1781728516492:0
[ 5000370ms] [ERROR] Failed to load resource: net::ERR_NETWORK_IO_SUSPENDED @ https://cdn.growthbook.io/sub/sdk-5WBrH3h3UHczonnF:0
[45206567ms] [ERROR] Failed to load resource: net::ERR_TIMED_OUT @ https://cdn.growthbook.io/sub/sdk-5WBrH3h3UHczonnF:0
[60252923ms] [ERROR] Failed to load resource: net::ERR_TIMED_OUT @ https://cdn.growthbook.io/sub/sdk-5WBrH3h3UHczonnF:0
[61691645ms] [ERROR] Failed to load resource: net::ERR_NETWORK_IO_SUSPENDED @ https://cdn.growthbook.io/sub/sdk-5WBrH3h3UHczonnF:0
[62278114ms] [ERROR] Failed to load resource: net::ERR_NETWORK_IO_SUSPENDED @ https://cdn.growthbook.io/sub/sdk-5WBrH3h3UHczonnF:0
[72307355ms] [ERROR] Failed to load resource: net::ERR_NETWORK_IO_SUSPENDED @ https://cdn.growthbook.io/sub/sdk-5WBrH3h3UHczonnF:0
[75945300ms] [ERROR] Failed to load resource: net::ERR_NETWORK_IO_SUSPENDED @ https://cdn.growthbook.io/sub/sdk-5WBrH3h3UHczonnF:0
[76585521ms] [ERROR] Failed to load resource: net::ERR_NETWORK_IO_SUSPENDED @ https://cdn.growthbook.io/sub/sdk-5WBrH3h3UHczonnF:0
[77115864ms] [ERROR] Failed to load resource: net::ERR_NETWORK_IO_SUSPENDED @ https://cdn.growthbook.io/sub/sdk-5WBrH3h3UHczonnF:0
[77199623ms] [ERROR] Failed to load resource: net::ERR_NETWORK_IO_SUSPENDED @ https://cdn.growthbook.io/sub/sdk-5WBrH3h3UHczonnF:0
[78558063ms] [ERROR] Failed to load resource: net::ERR_NETWORK_IO_SUSPENDED @ https://cdn.growthbook.io/sub/sdk-5WBrH3h3UHczonnF:0
[94024139ms] [ERROR] Failed to load resource: net::ERR_NETWORK_IO_SUSPENDED @ https://cdn.growthbook.io/sub/sdk-5WBrH3h3UHczonnF:0
[119194697ms] [ERROR] Failed to load resource: net::ERR_NETWORK_CHANGED @ https://cdn.growthbook.io/sub/sdk-5WBrH3h3UHczonnF:0
[119204720ms] [ERROR] Failed to load resource: net::ERR_INTERNET_DISCONNECTED @ https://cdn.growthbook.io/sub/sdk-5WBrH3h3UHczonnF:0
[119214734ms] [ERROR] Failed to load resource: net::ERR_INTERNET_DISCONNECTED @ https://cdn.growthbook.io/sub/sdk-5WBrH3h3UHczonnF:0
[119224749ms] [ERROR] Failed to load resource: net::ERR_INTERNET_DISCONNECTED @ https://cdn.growthbook.io/sub/sdk-5WBrH3h3UHczonnF:0
[119230621ms] [ERROR] Failed to load resource: net::ERR_INTERNET_DISCONNECTED @ https://cdn.growthbook.io/sub/sdk-5WBrH3h3UHczonnF:0
[119592354ms] [ERROR] Failed to load resource: net::ERR_INTERNET_DISCONNECTED @ https://cdn.growthbook.io/sub/sdk-5WBrH3h3UHczonnF:0
[119624999ms] [ERROR] Failed to load resource: net::ERR_INTERNET_DISCONNECTED @ https://cdn.growthbook.io/sub/sdk-5WBrH3h3UHczonnF:0
[123560808ms] [ERROR] Failed to load resource: net::ERR_INTERNET_DISCONNECTED @ https://cdn.growthbook.io/sub/sdk-5WBrH3h3UHczonnF:0
[128938258ms] [ERROR] Failed to load resource: net::ERR_INTERNET_DISCONNECTED @ https://cdn.growthbook.io/sub/sdk-5WBrH3h3UHczonnF:0
[145249509ms] [ERROR] Failed to load resource: net::ERR_INTERNET_DISCONNECTED @ https://cdn.growthbook.io/sub/sdk-5WBrH3h3UHczonnF:0
[154500153ms] [ERROR] Failed to load resource: net::ERR_INTERNET_DISCONNECTED @ https://cdn.growthbook.io/sub/sdk-5WBrH3h3UHczonnF:0
[154519099ms] [ERROR] Failed to load resource: net::ERR_INTERNET_DISCONNECTED @ https://career.proxify.io/_nuxt/builds/latest.json?1781878050294:0
[154519107ms] [ERROR] Failed to load resource: net::ERR_INTERNET_DISCONNECTED @ https://career.proxify.io/_nuxt/builds/latest.json?1781878050294:0
[156225859ms] [ERROR] Failed to load resource: net::ERR_INTERNET_DISCONNECTED @ https://cdn.growthbook.io/sub/sdk-5WBrH3h3UHczonnF:0
[174511932ms] [ERROR] Failed to load resource: net::ERR_INTERNET_DISCONNECTED @ https://cdn.growthbook.io/sub/sdk-5WBrH3h3UHczonnF:0
[186459977ms] [ERROR] Failed to load resource: net::ERR_INTERNET_DISCONNECTED @ https://cdn.growthbook.io/sub/sdk-5WBrH3h3UHczonnF:0
[203807932ms] [ERROR] Failed to load resource: net::ERR_INTERNET_DISCONNECTED @ https://cdn.growthbook.io/sub/sdk-5WBrH3h3UHczonnF:0
[218452757ms] [ERROR] Failed to load resource: net::ERR_INTERNET_DISCONNECTED @ https://cdn.growthbook.io/sub/sdk-5WBrH3h3UHczonnF:0
[233094286ms] [ERROR] Failed to load resource: net::ERR_INTERNET_DISCONNECTED @ https://cdn.growthbook.io/sub/sdk-5WBrH3h3UHczonnF:0
[247735939ms] [ERROR] Failed to load resource: net::ERR_INTERNET_DISCONNECTED @ https://cdn.growthbook.io/sub/sdk-5WBrH3h3UHczonnF:0
[266019877ms] [ERROR] Failed to load resource: net::ERR_INTERNET_DISCONNECTED @ https://cdn.growthbook.io/sub/sdk-5WBrH3h3UHczonnF:0
[290753668ms] [ERROR] Failed to load resource: net::ERR_INTERNET_DISCONNECTED @ https://cdn.growthbook.io/sub/sdk-5WBrH3h3UHczonnF:0
[305396985ms] [ERROR] Failed to load resource: net::ERR_INTERNET_DISCONNECTED @ https://cdn.growthbook.io/sub/sdk-5WBrH3h3UHczonnF:0
[323678022ms] [ERROR] Failed to load resource: net::ERR_INTERNET_DISCONNECTED @ https://cdn.growthbook.io/sub/sdk-5WBrH3h3UHczonnF:0
[338317416ms] [ERROR] Failed to load resource: net::ERR_INTERNET_DISCONNECTED @ https://cdn.growthbook.io/sub/sdk-5WBrH3h3UHczonnF:0
[338336252ms] [ERROR] Failed to load resource: net::ERR_INTERNET_DISCONNECTED @ https://career.proxify.io/_nuxt/builds/latest.json?1782061867446:0
[338336257ms] [ERROR] Failed to load resource: net::ERR_INTERNET_DISCONNECTED @ https://career.proxify.io/_nuxt/builds/latest.json?1782061867446:0
[345659422ms] [ERROR] Failed to load resource: net::ERR_NAME_NOT_RESOLVED @ https://cdn.growthbook.io/sub/sdk-5WBrH3h3UHczonnF:0
[359601293ms] [ERROR] Failed to load resource: net::ERR_NAME_NOT_RESOLVED @ https://cdn.growthbook.io/sub/sdk-5WBrH3h3UHczonnF:0
[378993270ms] [ERROR] Failed to load resource: net::ERR_INTERNET_DISCONNECTED @ https://cdn.growthbook.io/sub/sdk-5WBrH3h3UHczonnF:0
[386736517ms] [ERROR] Failed to load resource: net::ERR_NAME_NOT_RESOLVED @ https://cdn.growthbook.io/sub/sdk-5WBrH3h3UHczonnF:0
[387036549ms] [ERROR] Failed to load resource: net::ERR_NAME_NOT_RESOLVED @ https://cdn.growthbook.io/sub/sdk-5WBrH3h3UHczonnF:0
[389774618ms] [ERROR] Failed to load resource: net::ERR_NAME_NOT_RESOLVED @ https://cdn.growthbook.io/sub/sdk-5WBrH3h3UHczonnF:0
[396446942ms] [ERROR] Failed to load resource: net::ERR_NAME_NOT_RESOLVED @ https://cdn.growthbook.io/sub/sdk-5WBrH3h3UHczonnF:0
[398107171ms] [ERROR] Failed to load resource: net::ERR_NAME_NOT_RESOLVED @ https://cdn.growthbook.io/sub/sdk-5WBrH3h3UHczonnF:0
[403129072ms] [ERROR] Failed to load resource: net::ERR_NETWORK_IO_SUSPENDED @ https://cdn.growthbook.io/sub/sdk-5WBrH3h3UHczonnF:0
[406797777ms] [ERROR] Failed to load resource: net::ERR_NETWORK_IO_SUSPENDED @ https://cdn.growthbook.io/sub/sdk-5WBrH3h3UHczonnF:0
[407180597ms] [ERROR] Failed to load resource: net::ERR_NETWORK_IO_SUSPENDED @ https://cdn.growthbook.io/sub/sdk-5WBrH3h3UHczonnF:0
[410239123ms] [ERROR] Failed to load resource: net::ERR_TIMED_OUT @ https://cdn.growthbook.io/sub/sdk-5WBrH3h3UHczonnF:0
[410324163ms] [ERROR] Failed to load resource: net::ERR_CONNECTION_TIMED_OUT @ https://cdn.growthbook.io/sub/sdk-5WBrH3h3UHczonnF:0
