[    2992ms] [ERROR] Failed to load resource: the server responded with a status of 401 () @ https://accounts.toggl.com/api/sessions:0
[    6263ms] [WARNING] Datadog Browser SDK: No storage available for session. We will not send any data. @ https://cdn.ashbyprd.com/frontend_non_user/9d2556759f97ad8e8df1f95c766ce791002e553a/assets/index-C3qAhRad.js:31
[   43396ms] [LOG] Avo Inspector: supplied event optimize.activate with params {} @ https://public-assets.toggl.com/b/app-b26dadce0b14de05639d.js:1
[   43396ms] [LOG] Avo Inspector: events [Object] @ https://public-assets.toggl.com/b/app-b26dadce0b14de05639d.js:1
[   43397ms] [LOG] Avo Inspector: sending session started event. @ https://public-assets.toggl.com/b/app-b26dadce0b14de05639d.js:1
[   43397ms] [LOG] Avo Inspector: extracting schema from {} @ https://public-assets.toggl.com/b/app-b26dadce0b14de05639d.js:1
[   43398ms] [LOG] Avo Inspector: saved event optimize.activate with schema [] @ https://public-assets.toggl.com/b/app-b26dadce0b14de05639d.js:1
[   43398ms] [LOG] Avo Inspector: events [Object] @ https://public-assets.toggl.com/b/app-b26dadce0b14de05639d.js:1
[   43398ms] [LOG] Avo Inspector: sending event optimize.activate with schema [] @ https://public-assets.toggl.com/b/app-b26dadce0b14de05639d.js:1
[   43400ms] [LOG] Avo Inspector: supplied event start_pw with params {} @ https://public-assets.toggl.com/b/app-b26dadce0b14de05639d.js:1
[   43400ms] [LOG] Avo Inspector: extracting schema from {} @ https://public-assets.toggl.com/b/app-b26dadce0b14de05639d.js:1
[   43400ms] [LOG] Avo Inspector: saved event start_pw with schema [] @ https://public-assets.toggl.com/b/app-b26dadce0b14de05639d.js:1
[   43400ms] [LOG] Avo Inspector: events [Object] @ https://public-assets.toggl.com/b/app-b26dadce0b14de05639d.js:1
[   43400ms] [LOG] Avo Inspector: sending event start_pw with schema [] @ https://public-assets.toggl.com/b/app-b26dadce0b14de05639d.js:1
[   43895ms] [LOG] Avo Inspector: batch sent successfully. @ https://public-assets.toggl.com/b/app-b26dadce0b14de05639d.js:1
[   43945ms] [LOG] Avo Inspector: batch sent successfully. @ https://public-assets.toggl.com/b/app-b26dadce0b14de05639d.js:1
[   43946ms] [LOG] Avo Inspector: batch sent successfully. @ https://public-assets.toggl.com/b/app-b26dadce0b14de05639d.js:1
[   46511ms] [ERROR] Load failed, error in settings @ https://public-assets.toggl.com/b/app-b26dadce0b14de05639d.js:1
[   46511ms] [ERROR] No visitor ID available. Load may have failed. @ https://public-assets.toggl.com/b/app-b26dadce0b14de05639d.js:1
[   46511ms] [ERROR] identify error: Error: No visitor ID available. Load may have failed.
    at https://cdn.vector.co/pixel.js:2:219356
    at Generator.<anonymous> (https://cdn.vector.co/pixel.js:2:212674)
    at Generator.next (https://cdn.vector.co/pixel.js:2:213504)
    at l (https://cdn.vector.co/pixel.js:2:213684)
    at a (https://cdn.vector.co/pixel.js:2:213886) @ https://public-assets.toggl.com/b/app-b26dadce0b14de05639d.js:1
[   46658ms] Uncaught (in promise) Error: No visitor ID available. Load may have failed.
    at <anonymous> (https://cdn.vector.co/pixel.js:1:219355)
    at <anonymous> (https://cdn.vector.co/pixel.js:1:212673)
    at <anonymous> (https://cdn.vector.co/pixel.js:1:213503)
    at l (https://cdn.vector.co/pixel.js:1:213683)
    at a (https://cdn.vector.co/pixel.js:1:213885)
[   59148ms] [ERROR] Failed to load resource: net::ERR_NAME_NOT_RESOLVED @ https://apply.hire.toggl.com/api/v2/jobs?limit=50:0
