[    3284ms] [ERROR] Error: Minified React error #418; visit https://reactjs.org/docs/error-decoder.html?invariant=418 for the full message or use the non-minified dev environment for full errors and additional helpful warnings.
    at o1 (https://job-boards.cdn.greenhouse.io/assets/vendor-CSu851Dq.js:38:4812)
    at d9 (https://job-boards.cdn.greenhouse.io/assets/vendor-CSu851Dq.js:40:45634)
    at s9 (https://job-boards.cdn.greenhouse.io/assets/vendor-CSu851Dq.js:40:39790)
    at W8 (https://job-boards.cdn.greenhouse.io/assets/vendor-CSu851Dq.js:40:39762)
    at i9 (https://job-boards.cdn.greenhouse.io/assets/vendor-CSu851Dq.js:40:34745)
    at S (https://job-boards.cdn.greenhouse.io/assets/vendor-CSu851Dq.js:25:1550)
    at MessagePort.M (https://job-boards.cdn.greenhouse.io/assets/vendor-CSu851Dq.js:25:1910) @ https://job-boards.cdn.greenhouse.io/assets/vendor-CSu851Dq.js:243
[    3305ms] [WARNING] React recovered from an error during hydration. Error: Minified React error #425; visit https://reactjs.org/docs/error-decoder.html?invariant=425 for the full message or use the non-minified dev environment for full errors and additional helpful warnings.
    at Js (https://job-boards.cdn.greenhouse.io/assets/vendor-CSu851Dq.js:38:68)
    at A8 (https://job-boards.cdn.greenhouse.io/assets/vendor-CSu851Dq.js:40:16079)
    at u9 (https://job-boards.cdn.greenhouse.io/assets/vendor-CSu851Dq.js:40:40098)
    at s9 (https://job-boards.cdn.greenhouse.io/assets/vendor-CSu851Dq.js:40:39851)
    at W8 (https://job-boards.cdn.greenhouse.io/assets/vendor-CSu851Dq.js:40:39762)
    at i9 (https://job-boards.cdn.greenhouse.io/assets/vendor-CSu851Dq.js:40:34745)
    at S (https://job-boards.cdn.greenhouse.io/assets/vendor-CSu851Dq.js:25:1550)
    at MessagePort.M (https://job-boards.cdn.greenhouse.io/assets/vendor-CSu851Dq.js:25:1910) @ https://job-boards.cdn.greenhouse.io/assets/vendor-CSu851Dq.js:243
[    3306ms] [WARNING] React recovered from an error during hydration. Error: Minified React error #418; visit https://reactjs.org/docs/error-decoder.html?invariant=418 for the full message or use the non-minified dev environment for full errors and additional helpful warnings.
    at o1 (https://job-boards.cdn.greenhouse.io/assets/vendor-CSu851Dq.js:38:4812)
    at d9 (https://job-boards.cdn.greenhouse.io/assets/vendor-CSu851Dq.js:40:45634)
    at s9 (https://job-boards.cdn.greenhouse.io/assets/vendor-CSu851Dq.js:40:39790)
    at W8 (https://job-boards.cdn.greenhouse.io/assets/vendor-CSu851Dq.js:40:39762)
    at i9 (https://job-boards.cdn.greenhouse.io/assets/vendor-CSu851Dq.js:40:34745)
    at S (https://job-boards.cdn.greenhouse.io/assets/vendor-CSu851Dq.js:25:1550)
    at MessagePort.M (https://job-boards.cdn.greenhouse.io/assets/vendor-CSu851Dq.js:25:1910) @ https://job-boards.cdn.greenhouse.io/assets/vendor-CSu851Dq.js:243
[    3306ms] [WARNING] React recovered from an error during hydration. Error: Minified React error #418; visit https://reactjs.org/docs/error-decoder.html?invariant=418 for the full message or use the non-minified dev environment for full errors and additional helpful warnings.
    at o1 (https://job-boards.cdn.greenhouse.io/assets/vendor-CSu851Dq.js:38:4812)
    at d9 (https://job-boards.cdn.greenhouse.io/assets/vendor-CSu851Dq.js:40:45634)
    at s9 (https://job-boards.cdn.greenhouse.io/assets/vendor-CSu851Dq.js:40:39790)
    at W8 (https://job-boards.cdn.greenhouse.io/assets/vendor-CSu851Dq.js:40:39762)
    at i9 (https://job-boards.cdn.greenhouse.io/assets/vendor-CSu851Dq.js:40:34745)
    at S (https://job-boards.cdn.greenhouse.io/assets/vendor-CSu851Dq.js:25:1550)
    at MessagePort.M (https://job-boards.cdn.greenhouse.io/assets/vendor-CSu851Dq.js:25:1910) @ https://job-boards.cdn.greenhouse.io/assets/vendor-CSu851Dq.js:243
[    3306ms] [WARNING] React recovered from an error during hydration. Error: Minified React error #418; visit https://reactjs.org/docs/error-decoder.html?invariant=418 for the full message or use the non-minified dev environment for full errors and additional helpful warnings.
    at o1 (https://job-boards.cdn.greenhouse.io/assets/vendor-CSu851Dq.js:38:4812)
    at d9 (https://job-boards.cdn.greenhouse.io/assets/vendor-CSu851Dq.js:40:45634)
    at s9 (https://job-boards.cdn.greenhouse.io/assets/vendor-CSu851Dq.js:40:39790)
    at W8 (https://job-boards.cdn.greenhouse.io/assets/vendor-CSu851Dq.js:40:39762)
    at i9 (https://job-boards.cdn.greenhouse.io/assets/vendor-CSu851Dq.js:40:34745)
    at S (https://job-boards.cdn.greenhouse.io/assets/vendor-CSu851Dq.js:25:1550)
    at MessagePort.M (https://job-boards.cdn.greenhouse.io/assets/vendor-CSu851Dq.js:25:1910) @ https://job-boards.cdn.greenhouse.io/assets/vendor-CSu851Dq.js:243
[    3306ms] [WARNING] React recovered from an error during hydration. Error: Minified React error #423; visit https://reactjs.org/docs/error-decoder.html?invariant=423 for the full message or use the non-minified dev environment for full errors and additional helpful warnings.
    at d9 (https://job-boards.cdn.greenhouse.io/assets/vendor-CSu851Dq.js:40:45291)
    at s9 (https://job-boards.cdn.greenhouse.io/assets/vendor-CSu851Dq.js:40:39790)
    at z8 (https://job-boards.cdn.greenhouse.io/assets/vendor-CSu851Dq.js:40:39718)
    at ll (https://job-boards.cdn.greenhouse.io/assets/vendor-CSu851Dq.js:40:39570)
    at S1 (https://job-boards.cdn.greenhouse.io/assets/vendor-CSu851Dq.js:40:35934)
    at i9 (https://job-boards.cdn.greenhouse.io/assets/vendor-CSu851Dq.js:40:34883)
    at S (https://job-boards.cdn.greenhouse.io/assets/vendor-CSu851Dq.js:25:1550)
    at MessagePort.M (https://job-boards.cdn.greenhouse.io/assets/vendor-CSu851Dq.js:25:1910) @ https://job-boards.cdn.greenhouse.io/assets/vendor-CSu851Dq.js:243
[    4084ms] [ERROR] Failed to load resource: the server responded with a status of 401 () @ https://my.greenhouse.io/users/self?job_post_id=4833416101:0
[    4088ms] UnauthorizedError: Unauthorized: User is not logged in.
    at Gs.fetchProfile (https://job-boards.cdn.greenhouse.io/assets/entry.client-tuqO_N8L.js:61:71188)
